18:13:19 **** Incremental Build of configuration Debug for project FIFO_DataStructure ****
make -j8 all 
arm-none-eabi-gcc "../Core/Src/main.c" -mcpu=cortex-m4 -std=gnu11 -g3 -DDEBUG -DUSE_HAL_DRIVER -DSTM32F407xx -DARM_MATH_CM4 -c -I../Core/Inc -I../Drivers/STM32F4xx_HAL_Driver/Inc -I../Drivers/STM32F4xx_HAL_Driver/Inc/Legacy -I../Drivers/CMSIS/Device/ST/STM32F4xx/Include -I../Drivers/CMSIS/Include -I"D:/DSP/FIFO_DataStructure/DSP/Include" -O0 -ffunction-sections -fdata-sections -Wall -fstack-usage -fcyclomatic-complexity -MMD -MP -MF"Core/Src/main.d" -MT"Core/Src/main.o" --specs=nano.specs -mfpu=fpv4-sp-d16 -mfloat-abi=hard -mthumb -o "Core/Src/main.o"
arm-none-eabi-gcc -o "FIFO_DataStructure.elf" @"objects.list"  -larm_cortexM4lf_math -mcpu=cortex-m4 -T"D:\DSP\FIFO_DataStructure\STM32F407VGTX_FLASH.ld" --specs=nosys.specs -Wl,-Map="FIFO_DataStructure.map" -Wl,--gc-sections -static -L"D:\DSP\FIFO_DataStructure\DSP\Lib\GCC" -u _printf_float --specs=nano.specs -mfpu=fpv4-sp-d16 -mfloat-abi=hard -mthumb -Wl,--start-group -lc -lm -Wl,--end-group
Finished building target: FIFO_DataStructure.elf
 
arm-none-eabi-size  FIFO_DataStructure.elf 
arm-none-eabi-objdump -h -S FIFO_DataStructure.elf  > "FIFO_DataStructure.list"
   text	   data	    bss	    dec	    hex	filename
  26244	    468	   3596	  30308	   7664	FIFO_DataStructure.elf
Finished building: default.size.stdout
 
Finished building: FIFO_DataStructure.list
 
18:13:23 **** Incremental Build of configuration Debug for project FIFO_DataStructure ****
make -j8 all 
arm-none-eabi-size  FIFO_DataStructure.elf 
   text	   data	    bss	    dec	    hex	filename
  26244	    468	   3596	  30308	   7664	FIFO_DataStructure.elf
Finished building: default.size.stdout
 
18:13:58 **** Incremental Build of configuration Debug for project FIFO_DataStructure ****
make -j8 all 
arm-none-eabi-gcc "../Core/Src/main.c" -mcpu=cortex-m4 -std=gnu11 -g3 -DDEBUG -DUSE_HAL_DRIVER -DSTM32F407xx -DARM_MATH_CM4 -c -I../Core/Inc -I../Drivers/STM32F4xx_HAL_Driver/Inc -I../Drivers/STM32F4xx_HAL_Driver/Inc/Legacy -I../Drivers/CMSIS/Device/ST/STM32F4xx/Include -I../Drivers/CMSIS/Include -I"D:/DSP/FIFO_DataStructure/DSP/Include" -O0 -ffunction-sections -fdata-sections -Wall -fstack-usage -fcyclomatic-complexity -MMD -MP -MF"Core/Src/main.d" -MT"Core/Src/main.o" --specs=nano.specs -mfpu=fpv4-sp-d16 -mfloat-abi=hard -mthumb -o "Core/Src/main.o"
arm-none-eabi-gcc -o "FIFO_DataStructure.elf" @"objects.list"  -larm_cortexM4lf_math -mcpu=cortex-m4 -T"D:\DSP\FIFO_DataStructure\STM32F407VGTX_FLASH.ld" --specs=nosys.specs -Wl,-Map="FIFO_DataStructure.map" -Wl,--gc-sections -static -L"D:\DSP\FIFO_DataStructure\DSP\Lib\GCC" -u _printf_float --specs=nano.specs -mfpu=fpv4-sp-d16 -mfloat-abi=hard -mthumb -Wl,--start-group -lc -lm -Wl,--end-group
Finished building target: FIFO_DataStructure.elf
 
arm-none-eabi-size  FIFO_DataStructure.elf 
arm-none-eabi-objdump -h -S FIFO_DataStructure.elf  > "FIFO_DataStructure.list"
   text	   data	    bss	    dec	    hex	filename
  26244	    468	   3596	  30308	   7664	FIFO_DataStructure.elf
Finished building: default.size.stdout
 
Finished building: FIFO_DataStructure.list
 
