13:52:03 **** Incremental Build of configuration Debug for project Lgic_Analyzer_uart2 ****
make -j8 all 
arm-none-eabi-size  Lgic_Analyzer_uart2.elf 
   text	   data	    bss	    dec	    hex	filename
   5204	     92	   1900	   7196	   1c1c	Lgic_Analyzer_uart2.elf
Finished building: default.size.stdout
 
13:52:26 **** Incremental Build of configuration Debug for project Lgic_Analyzer_uart2 ****
make -j8 all 
arm-none-eabi-size  Lgic_Analyzer_uart2.elf 
   text	   data	    bss	    dec	    hex	filename
   5204	     92	   1900	   7196	   1c1c	Lgic_Analyzer_uart2.elf
Finished building: default.size.stdout
 
